node_modules/.pnpm/next@16.1.4_@opentelemetry+_52320851fce010aa0f254112a809f989/node_modules/next/dist/build/webpack/loaders/next-app-loader/index.d.ts(1,13): error TS2613: Module '"next/dist/compiled/webpack/webpack"' has no default export. Did you mean to use 'import { webpack } from "next/dist/compiled/webpack/webpack"' instead?
node_modules/.pnpm/next@16.1.4_@opentelemetry+_52320851fce010aa0f254112a809f989/node_modules/next/dist/client/components/error-boundary.d.ts(1,8): error TS1259: Module '"C:/Users/Akhil Gupta/OneDrive/Desktop/settleloans/settle-loans/node_modules/.pnpm/@types+react@19.2.9/node_modules/@types/react/index"' can only be default-imported using the 'esModuleInterop' flag
node_modules/.pnpm/next@16.1.4_@opentelemetry+_52320851fce010aa0f254112a809f989/node_modules/next/dist/client/components/http-access-fallback/error-boundary.d.ts(11,8): error TS1259: Module '"C:/Users/Akhil Gupta/OneDrive/Desktop/settleloans/settle-loans/node_modules/.pnpm/@types+react@19.2.9/node_modules/@types/react/index"' can only be default-imported using the 'esModuleInterop' flag
node_modules/.pnpm/next@16.1.4_@opentelemetry+_52320851fce010aa0f254112a809f989/node_modules/next/dist/client/components/layout-router.d.ts(2,8): error TS1259: Module '"C:/Users/Akhil Gupta/OneDrive/Desktop/settleloans/settle-loans/node_modules/.pnpm/@types+react@19.2.9/node_modules/@types/react/index"' can only be default-imported using the 'esModuleInterop' flag
node_modules/.pnpm/next@16.1.4_@opentelemetry+_52320851fce010aa0f254112a809f989/node_modules/next/dist/client/image-component.d.ts(1,8): error TS1259: Module '"C:/Users/Akhil Gupta/OneDrive/Desktop/settleloans/settle-loans/node_modules/.pnpm/@types+react@19.2.9/node_modules/@types/react/index"' can only be default-imported using the 'esModuleInterop' flag
node_modules/.pnpm/next@16.1.4_@opentelemetry+_52320851fce010aa0f254112a809f989/node_modules/next/dist/client/link.d.ts(1,8): error TS1259: Module '"C:/Users/Akhil Gupta/OneDrive/Desktop/settleloans/settle-loans/node_modules/.pnpm/@types+react@19.2.9/node_modules/@types/react/index"' can only be default-imported using the 'esModuleInterop' flag
node_modules/.pnpm/next@16.1.4_@opentelemetry+_52320851fce010aa0f254112a809f989/node_modules/next/dist/client/script.d.ts(1,8): error TS1259: Module '"C:/Users/Akhil Gupta/OneDrive/Desktop/settleloans/settle-loans/node_modules/.pnpm/@types+react@19.2.9/node_modules/@types/react/index"' can only be default-imported using the 'esModuleInterop' flag
node_modules/.pnpm/next@16.1.4_@opentelemetry+_52320851fce010aa0f254112a809f989/node_modules/next/dist/client/with-router.d.ts(1,8): error TS1259: Module '"C:/Users/Akhil Gupta/OneDrive/Desktop/settleloans/settle-loans/node_modules/.pnpm/@types+react@19.2.9/node_modules/@types/react/index"' can only be default-imported using the 'esModuleInterop' flag
node_modules/.pnpm/next@16.1.4_@opentelemetry+_52320851fce010aa0f254112a809f989/node_modules/next/dist/lib/metadata/metadata.d.ts(1,8): error TS1259: Module '"C:/Users/Akhil Gupta/OneDrive/Desktop/settleloans/settle-loans/node_modules/.pnpm/@types+react@19.2.9/node_modules/@types/react/index"' can only be default-imported using the 'esModuleInterop' flag
node_modules/.pnpm/next@16.1.4_@opentelemetry+_52320851fce010aa0f254112a809f989/node_modules/next/dist/next-devtools/userspace/pages/pages-dev-overlay-setup.d.ts(1,8): error TS1259: Module '"C:/Users/Akhil Gupta/OneDrive/Desktop/settleloans/settle-loans/node_modules/.pnpm/@types+react@19.2.9/node_modules/@types/react/index"' can only be default-imported using the 'esModuleInterop' flag
node_modules/.pnpm/next@16.1.4_@opentelemetry+_52320851fce010aa0f254112a809f989/node_modules/next/dist/pages/_app.d.ts(1,8): error TS1259: Module '"C:/Users/Akhil Gupta/OneDrive/Desktop/settleloans/settle-loans/node_modules/.pnpm/@types+react@19.2.9/node_modules/@types/react/index"' can only be default-imported using the 'esModuleInterop' flag
node_modules/.pnpm/next@16.1.4_@opentelemetry+_52320851fce010aa0f254112a809f989/node_modules/next/dist/pages/_document.d.ts(1,8): error TS1259: Module '"C:/Users/Akhil Gupta/OneDrive/Desktop/settleloans/settle-loans/node_modules/.pnpm/@types+react@19.2.9/node_modules/@types/react/index"' can only be default-imported using the 'esModuleInterop' flag
node_modules/.pnpm/next@16.1.4_@opentelemetry+_52320851fce010aa0f254112a809f989/node_modules/next/dist/pages/_error.d.ts(1,8): error TS1259: Module '"C:/Users/Akhil Gupta/OneDrive/Desktop/settleloans/settle-loans/node_modules/.pnpm/@types+react@19.2.9/node_modules/@types/react/index"' can only be default-imported using the 'esModuleInterop' flag
node_modules/.pnpm/next@16.1.4_@opentelemetry+_52320851fce010aa0f254112a809f989/node_modules/next/dist/server/app-render/types.d.ts(10,8): error TS1192: Module '"next/dist/compiled/superstruct"' has no default export.
node_modules/.pnpm/next@16.1.4_@opentelemetry+_52320851fce010aa0f254112a809f989/node_modules/next/dist/server/web/spec-extension/adapters/headers.d.ts(39,16): error TS2304: Cannot find name 'HeadersIterator'.
node_modules/.pnpm/next@16.1.4_@opentelemetry+_52320851fce010aa0f254112a809f989/node_modules/next/dist/server/web/spec-extension/adapters/headers.d.ts(40,13): error TS2304: Cannot find name 'HeadersIterator'.
node_modules/.pnpm/next@16.1.4_@opentelemetry+_52320851fce010aa0f254112a809f989/node_modules/next/dist/server/web/spec-extension/adapters/headers.d.ts(41,15): error TS2304: Cannot find name 'HeadersIterator'.
node_modules/.pnpm/next@16.1.4_@opentelemetry+_52320851fce010aa0f254112a809f989/node_modules/next/dist/server/web/spec-extension/adapters/headers.d.ts(42,26): error TS2304: Cannot find name 'HeadersIterator'.
node_modules/.pnpm/next@16.1.4_@opentelemetry+_52320851fce010aa0f254112a809f989/node_modules/next/dist/shared/lib/app-router-context.shared-runtime.d.ts(4,8): error TS1259: Module '"C:/Users/Akhil Gupta/OneDrive/Desktop/settleloans/settle-loans/node_modules/.pnpm/@types+react@19.2.9/node_modules/@types/react/index"' can only be default-imported using the 'esModuleInterop' flag
node_modules/.pnpm/next@16.1.4_@opentelemetry+_52320851fce010aa0f254112a809f989/node_modules/next/dist/shared/lib/app-router-types.d.ts(7,13): error TS1259: Module '"C:/Users/Akhil Gupta/OneDrive/Desktop/settleloans/settle-loans/node_modules/.pnpm/@types+react@19.2.9/node_modules/@types/react/index"' can only be default-imported using the 'esModuleInterop' flag
node_modules/.pnpm/next@16.1.4_@opentelemetry+_52320851fce010aa0f254112a809f989/node_modules/next/dist/shared/lib/dynamic.d.ts(1,8): error TS1259: Module '"C:/Users/Akhil Gupta/OneDrive/Desktop/settleloans/settle-loans/node_modules/.pnpm/@types+react@19.2.9/node_modules/@types/react/index"' can only be default-imported using the 'esModuleInterop' flag
node_modules/.pnpm/next@16.1.4_@opentelemetry+_52320851fce010aa0f254112a809f989/node_modules/next/dist/shared/lib/head-manager-context.shared-runtime.d.ts(1,8): error TS1259: Module '"C:/Users/Akhil Gupta/OneDrive/Desktop/settleloans/settle-loans/node_modules/.pnpm/@types+react@19.2.9/node_modules/@types/react/index"' can only be default-imported using the 'esModuleInterop' flag
node_modules/.pnpm/next@16.1.4_@opentelemetry+_52320851fce010aa0f254112a809f989/node_modules/next/dist/shared/lib/head.d.ts(1,8): error TS1259: Module '"C:/Users/Akhil Gupta/OneDrive/Desktop/settleloans/settle-loans/node_modules/.pnpm/@types+react@19.2.9/node_modules/@types/react/index"' can only be default-imported using the 'esModuleInterop' flag
node_modules/.pnpm/next@16.1.4_@opentelemetry+_52320851fce010aa0f254112a809f989/node_modules/next/dist/shared/lib/image-config-context.shared-runtime.d.ts(1,8): error TS1259: Module '"C:/Users/Akhil Gupta/OneDrive/Desktop/settleloans/settle-loans/node_modules/.pnpm/@types+react@19.2.9/node_modules/@types/react/index"' can only be default-imported using the 'esModuleInterop' flag
node_modules/.pnpm/next@16.1.4_@opentelemetry+_52320851fce010aa0f254112a809f989/node_modules/next/dist/shared/lib/loadable-context.shared-runtime.d.ts(1,8): error TS1259: Module '"C:/Users/Akhil Gupta/OneDrive/Desktop/settleloans/settle-loans/node_modules/.pnpm/@types+react@19.2.9/node_modules/@types/react/index"' can only be default-imported using the 'esModuleInterop' flag
node_modules/.pnpm/next@16.1.4_@opentelemetry+_52320851fce010aa0f254112a809f989/node_modules/next/dist/shared/lib/loadable.shared-runtime.d.ts(21,8): error TS1259: Module '"C:/Users/Akhil Gupta/OneDrive/Desktop/settleloans/settle-loans/node_modules/.pnpm/@types+react@19.2.9/node_modules/@types/react/index"' can only be default-imported using the 'esModuleInterop' flag
node_modules/.pnpm/next@16.1.4_@opentelemetry+_52320851fce010aa0f254112a809f989/node_modules/next/dist/shared/lib/router-context.shared-runtime.d.ts(1,8): error TS1259: Module '"C:/Users/Akhil Gupta/OneDrive/Desktop/settleloans/settle-loans/node_modules/.pnpm/@types+react@19.2.9/node_modules/@types/react/index"' can only be default-imported using the 'esModuleInterop' flag
node_modules/.pnpm/next@16.1.4_@opentelemetry+_52320851fce010aa0f254112a809f989/node_modules/next/dist/shared/lib/server-inserted-html.shared-runtime.d.ts(1,8): error TS1259: Module '"C:/Users/Akhil Gupta/OneDrive/Desktop/settleloans/settle-loans/node_modules/.pnpm/@types+react@19.2.9/node_modules/@types/react/index"' can only be default-imported using the 'esModuleInterop' flag
node_modules/.pnpm/next@16.1.4_@opentelemetry+_52320851fce010aa0f254112a809f989/node_modules/next/dist/shared/lib/utils.d.ts(10,13): error TS1192: Module '"fs"' has no default export.
node_modules/.pnpm/next@16.1.4_@opentelemetry+_52320851fce010aa0f254112a809f989/node_modules/next/dist/styled-jsx/types/global.d.ts(1,8): error TS1259: Module '"C:/Users/Akhil Gupta/OneDrive/Desktop/settleloans/settle-loans/node_modules/.pnpm/@types+react@19.2.9/node_modules/@types/react/index"' can only be default-imported using the 'esModuleInterop' flag
src/app/overdue-loan-legal-protection/page.tsx(3,29): error TS2307: Cannot find module '@/components/TableOfContents' or its corresponding type declarations.
src/app/overdue-loan-legal-protection/page.tsx(182,9): error TS17004: Cannot use JSX unless the '--jsx' flag is provided.
src/app/overdue-loan-legal-protection/page.tsx(183,13): error TS17004: Cannot use JSX unless the '--jsx' flag is provided.
src/app/overdue-loan-legal-protection/page.tsx(184,17): error TS17004: Cannot use JSX unless the '--jsx' flag is provided.
src/app/overdue-loan-legal-protection/page.tsx(190,17): error TS17004: Cannot use JSX unless the '--jsx' flag is provided.
src/app/overdue-loan-legal-protection/page.tsx(191,21): error TS17004: Cannot use JSX unless the '--jsx' flag is provided.
src/app/overdue-loan-legal-protection/page.tsx(192,25): error TS17004: Cannot use JSX unless the '--jsx' flag is provided.
src/app/overdue-loan-legal-protection/page.tsx(195,25): error TS17004: Cannot use JSX unless the '--jsx' flag is provided.
src/app/overdue-loan-legal-protection/page.tsx(196,42): error TS17004: Cannot use JSX unless the '--jsx' flag is provided.
src/app/overdue-loan-legal-protection/page.tsx(198,25): error TS17004: Cannot use JSX unless the '--jsx' flag is provided.
src/app/overdue-loan-legal-protection/page.tsx(201,25): error TS17004: Cannot use JSX unless the '--jsx' flag is provided.
src/app/overdue-loan-legal-protection/page.tsx(202,29): error TS17004: Cannot use JSX unless the '--jsx' flag is provided.
src/app/overdue-loan-legal-protection/page.tsx(208,21): error TS17004: Cannot use JSX unless the '--jsx' flag is provided.
src/app/overdue-loan-legal-protection/page.tsx(209,21): error TS17004: Cannot use JSX unless the '--jsx' flag is provided.
src/app/overdue-loan-legal-protection/page.tsx(213,17): error TS17004: Cannot use JSX unless the '--jsx' flag is provided.
src/app/overdue-loan-legal-protection/page.tsx(214,21): error TS17004: Cannot use JSX unless the '--jsx' flag is provided.
src/app/overdue-loan-legal-protection/page.tsx(215,25): error TS17004: Cannot use JSX unless the '--jsx' flag is provided.
src/app/overdue-loan-legal-protection/page.tsx(216,29): error TS17004: Cannot use JSX unless the '--jsx' flag is provided.
src/app/overdue-loan-legal-protection/page.tsx(217,33): error TS17004: Cannot use JSX unless the '--jsx' flag is provided.
src/app/overdue-loan-legal-protection/page.tsx(218,37): error TS17004: Cannot use JSX unless the '--jsx' flag is provided.
src/app/overdue-loan-legal-protection/page.tsx(220,33): error TS17004: Cannot use JSX unless the '--jsx' flag is provided.
src/app/overdue-loan-legal-protection/page.tsx(221,37): error TS17004: Cannot use JSX unless the '--jsx' flag is provided.
src/app/overdue-loan-legal-protection/page.tsx(223,33): error TS17004: Cannot use JSX unless the '--jsx' flag is provided.
src/app/overdue-loan-legal-protection/page.tsx(232,17): error TS17004: Cannot use JSX unless the '--jsx' flag is provided.
src/app/overdue-loan-legal-protection/page.tsx(233,21): error TS17004: Cannot use JSX unless the '--jsx' flag is provided.
src/app/overdue-loan-legal-protection/page.tsx(234,25): error TS17004: Cannot use JSX unless the '--jsx' flag is provided.
src/app/overdue-loan-legal-protection/page.tsx(253,21): error TS17004: Cannot use JSX unless the '--jsx' flag is provided.
src/app/overdue-loan-legal-protection/page.tsx(254,25): error TS17004: Cannot use JSX unless the '--jsx' flag is provided.
src/app/overdue-loan-legal-protection/page.tsx(255,29): error TS17004: Cannot use JSX unless the '--jsx' flag is provided.
src/app/overdue-loan-legal-protection/page.tsx(256,60): error TS17004: Cannot use JSX unless the '--jsx' flag is provided.
src/app/overdue-loan-legal-protection/page.tsx(258,29): error TS17004: Cannot use JSX unless the '--jsx' flag is provided.
src/app/overdue-loan-legal-protection/page.tsx(259,33): error TS17004: Cannot use JSX unless the '--jsx' flag is provided.
src/app/overdue-loan-legal-protection/page.tsx(262,33): error TS17004: Cannot use JSX unless the '--jsx' flag is provided.
src/app/overdue-loan-legal-protection/page.tsx(265,33): error TS17004: Cannot use JSX unless the '--jsx' flag is provided.
src/app/overdue-loan-legal-protection/page.tsx(266,37): error TS17004: Cannot use JSX unless the '--jsx' flag is provided.
src/app/overdue-loan-legal-protection/page.tsx(267,37): error TS17004: Cannot use JSX unless the '--jsx' flag is provided.
src/app/overdue-loan-legal-protection/page.tsx(268,37): error TS17004: Cannot use JSX unless the '--jsx' flag is provided.
src/app/overdue-loan-legal-protection/page.tsx(269,41): error TS17004: Cannot use JSX unless the '--jsx' flag is provided.
src/app/overdue-loan-legal-protection/page.tsx(270,45): error TS17004: Cannot use JSX unless the '--jsx' flag is provided.
src/app/overdue-loan-legal-protection/page.tsx(271,45): error TS17004: Cannot use JSX unless the '--jsx' flag is provided.
src/app/overdue-loan-legal-protection/page.tsx(273,41): error TS17004: Cannot use JSX unless the '--jsx' flag is provided.
src/app/overdue-loan-legal-protection/page.tsx(274,45): error TS17004: Cannot use JSX unless the '--jsx' flag is provided.
src/app/overdue-loan-legal-protection/page.tsx(275,45): error TS17004: Cannot use JSX unless the '--jsx' flag is provided.
src/app/overdue-loan-legal-protection/page.tsx(277,41): error TS17004: Cannot use JSX unless the '--jsx' flag is provided.
src/app/overdue-loan-legal-protection/page.tsx(278,45): error TS17004: Cannot use JSX unless the '--jsx' flag is provided.
src/app/overdue-loan-legal-protection/page.tsx(279,45): error TS17004: Cannot use JSX unless the '--jsx' flag is provided.
src/app/overdue-loan-legal-protection/page.tsx(281,41): error TS17004: Cannot use JSX unless the '--jsx' flag is provided.
src/app/overdue-loan-legal-protection/page.tsx(282,45): error TS17004: Cannot use JSX unless the '--jsx' flag is provided.
src/app/overdue-loan-legal-protection/page.tsx(283,45): error TS17004: Cannot use JSX unless the '--jsx' flag is provided.
src/app/overdue-loan-legal-protection/page.tsx(290,25): error TS17004: Cannot use JSX unless the '--jsx' flag is provided.
src/app/overdue-loan-legal-protection/page.tsx(291,29): error TS17004: Cannot use JSX unless the '--jsx' flag is provided.
src/app/overdue-loan-legal-protection/page.tsx(292,29): error TS17004: Cannot use JSX unless the '--jsx' flag is provided.
src/app/overdue-loan-legal-protection/page.tsx(295,29): error TS17004: Cannot use JSX unless the '--jsx' flag is provided.
src/app/overdue-loan-legal-protection/page.tsx(296,33): error TS17004: Cannot use JSX unless the '--jsx' flag is provided.
src/app/overdue-loan-legal-protection/page.tsx(298,37): error TS17004: Cannot use JSX unless the '--jsx' flag is provided.
src/app/overdue-loan-legal-protection/page.tsx(300,33): error TS17004: Cannot use JSX unless the '--jsx' flag is provided.
src/app/overdue-loan-legal-protection/page.tsx(302,37): error TS17004: Cannot use JSX unless the '--jsx' flag is provided.
src/app/overdue-loan-legal-protection/page.tsx(304,33): error TS17004: Cannot use JSX unless the '--jsx' flag is provided.
src/app/overdue-loan-legal-protection/page.tsx(306,37): error TS17004: Cannot use JSX unless the '--jsx' flag is provided.
src/app/overdue-loan-legal-protection/page.tsx(309,29): error TS17004: Cannot use JSX unless the '--jsx' flag is provided.
src/app/overdue-loan-legal-protection/page.tsx(314,25): error TS17004: Cannot use JSX unless the '--jsx' flag is provided.
src/app/overdue-loan-legal-protection/page.tsx(315,29): error TS17004: Cannot use JSX unless the '--jsx' flag is provided.
src/app/overdue-loan-legal-protection/page.tsx(315,127): error TS17004: Cannot use JSX unless the '--jsx' flag is provided.
src/app/overdue-loan-legal-protection/page.tsx(315,133): error TS17004: Cannot use JSX unless the '--jsx' flag is provided.
src/app/overdue-loan-legal-protection/page.tsx(316,29): error TS17004: Cannot use JSX unless the '--jsx' flag is provided.
src/app/overdue-loan-legal-protection/page.tsx(319,29): error TS17004: Cannot use JSX unless the '--jsx' flag is provided.
src/app/overdue-loan-legal-protection/page.tsx(322,29): error TS17004: Cannot use JSX unless the '--jsx' flag is provided.
src/app/overdue-loan-legal-protection/page.tsx(327,25): error TS17004: Cannot use JSX unless the '--jsx' flag is provided.
src/app/overdue-loan-legal-protection/page.tsx(328,29): error TS17004: Cannot use JSX unless the '--jsx' flag is provided.
src/app/overdue-loan-legal-protection/page.tsx(329,29): error TS17004: Cannot use JSX unless the '--jsx' flag is provided.
src/app/overdue-loan-legal-protection/page.tsx(332,29): error TS17004: Cannot use JSX unless the '--jsx' flag is provided.
src/app/overdue-loan-legal-protection/page.tsx(333,33): error TS17004: Cannot use JSX unless the '--jsx' flag is provided.
src/app/overdue-loan-legal-protection/page.tsx(334,37): error TS17004: Cannot use JSX unless the '--jsx' flag is provided.
src/app/overdue-loan-legal-protection/page.tsx(335,37): error TS17004: Cannot use JSX unless the '--jsx' flag is provided.
src/app/overdue-loan-legal-protection/page.tsx(336,41): error TS17004: Cannot use JSX unless the '--jsx' flag is provided.
src/app/overdue-loan-legal-protection/page.tsx(337,41): error TS17004: Cannot use JSX unless the '--jsx' flag is provided.
src/app/overdue-loan-legal-protection/page.tsx(340,33): error TS17004: Cannot use JSX unless the '--jsx' flag is provided.
src/app/overdue-loan-legal-protection/page.tsx(341,37): error TS17004: Cannot use JSX unless the '--jsx' flag is provided.
src/app/overdue-loan-legal-protection/page.tsx(342,37): error TS17004: Cannot use JSX unless the '--jsx' flag is provided.
src/app/overdue-loan-legal-protection/page.tsx(343,41): error TS17004: Cannot use JSX unless the '--jsx' flag is provided.
src/app/overdue-loan-legal-protection/page.tsx(344,41): error TS17004: Cannot use JSX unless the '--jsx' flag is provided.
src/app/overdue-loan-legal-protection/page.tsx(347,33): error TS17004: Cannot use JSX unless the '--jsx' flag is provided.
src/app/overdue-loan-legal-protection/page.tsx(348,37): error TS17004: Cannot use JSX unless the '--jsx' flag is provided.
src/app/overdue-loan-legal-protection/page.tsx(349,37): error TS17004: Cannot use JSX unless the '--jsx' flag is provided.
src/app/overdue-loan-legal-protection/page.tsx(350,41): error TS17004: Cannot use JSX unless the '--jsx' flag is provided.
src/app/overdue-loan-legal-protection/page.tsx(351,41): error TS17004: Cannot use JSX unless the '--jsx' flag is provided.
src/app/overdue-loan-legal-protection/page.tsx(357,25): error TS17004: Cannot use JSX unless the '--jsx' flag is provided.
src/app/overdue-loan-legal-protection/page.tsx(358,29): error TS17004: Cannot use JSX unless the '--jsx' flag is provided.
src/app/overdue-loan-legal-protection/page.tsx(359,29): error TS17004: Cannot use JSX unless the '--jsx' flag is provided.
src/app/overdue-loan-legal-protection/page.tsx(364,25): error TS17004: Cannot use JSX unless the '--jsx' flag is provided.
src/app/overdue-loan-legal-protection/page.tsx(365,29): error TS17004: Cannot use JSX unless the '--jsx' flag is provided.
src/app/overdue-loan-legal-protection/page.tsx(366,29): error TS17004: Cannot use JSX unless the '--jsx' flag is provided.
src/app/overdue-loan-legal-protection/page.tsx(369,29): error TS17004: Cannot use JSX unless the '--jsx' flag is provided.
src/app/overdue-loan-legal-protection/page.tsx(370,33): error TS17004: Cannot use JSX unless the '--jsx' flag is provided.
src/app/overdue-loan-legal-protection/page.tsx(371,33): error TS17004: Cannot use JSX unless the '--jsx' flag is provided.
src/app/overdue-loan-legal-protection/page.tsx(372,33): error TS17004: Cannot use JSX unless the '--jsx' flag is provided.
src/app/overdue-loan-legal-protection/page.tsx(376,25): error TS17004: Cannot use JSX unless the '--jsx' flag is provided.
src/app/overdue-loan-legal-protection/page.tsx(377,29): error TS17004: Cannot use JSX unless the '--jsx' flag is provided.
src/app/overdue-loan-legal-protection/page.tsx(378,29): error TS17004: Cannot use JSX unless the '--jsx' flag is provided.
src/app/overdue-loan-legal-protection/page.tsx(381,29): error TS17004: Cannot use JSX unless the '--jsx' flag is provided.
src/app/overdue-loan-legal-protection/page.tsx(386,25): error TS17004: Cannot use JSX unless the '--jsx' flag is provided.
src/app/overdue-loan-legal-protection/page.tsx(387,29): error TS17004: Cannot use JSX unless the '--jsx' flag is provided.
src/app/overdue-loan-legal-protection/page.tsx(388,29): error TS17004: Cannot use JSX unless the '--jsx' flag is provided.
src/app/overdue-loan-legal-protection/page.tsx(393,25): error TS17004: Cannot use JSX unless the '--jsx' flag is provided.
src/app/overdue-loan-legal-protection/page.tsx(394,29): error TS17004: Cannot use JSX unless the '--jsx' flag is provided.
src/app/overdue-loan-legal-protection/page.tsx(395,29): error TS17004: Cannot use JSX unless the '--jsx' flag is provided.
src/app/overdue-loan-legal-protection/page.tsx(400,25): error TS17004: Cannot use JSX unless the '--jsx' flag is provided.
src/app/overdue-loan-legal-protection/page.tsx(401,29): error TS17004: Cannot use JSX unless the '--jsx' flag is provided.
src/app/overdue-loan-legal-protection/page.tsx(402,29): error TS17004: Cannot use JSX unless the '--jsx' flag is provided.
src/app/overdue-loan-legal-protection/page.tsx(405,29): error TS17004: Cannot use JSX unless the '--jsx' flag is provided.
src/app/overdue-loan-legal-protection/page.tsx(410,25): error TS17004: Cannot use JSX unless the '--jsx' flag is provided.
src/app/overdue-loan-legal-protection/page.tsx(411,29): error TS17004: Cannot use JSX unless the '--jsx' flag is provided.
src/app/overdue-loan-legal-protection/page.tsx(412,29): error TS17004: Cannot use JSX unless the '--jsx' flag is provided.
src/app/overdue-loan-legal-protection/page.tsx(417,25): error TS17004: Cannot use JSX unless the '--jsx' flag is provided.
src/app/overdue-loan-legal-protection/page.tsx(418,29): error TS17004: Cannot use JSX unless the '--jsx' flag is provided.
src/app/overdue-loan-legal-protection/page.tsx(419,29): error TS17004: Cannot use JSX unless the '--jsx' flag is provided.
src/app/overdue-loan-legal-protection/page.tsx(426,37): error TS17004: Cannot use JSX unless the '--jsx' flag is provided.
src/app/overdue-loan-legal-protection/page.tsx(427,41): error TS17004: Cannot use JSX unless the '--jsx' flag is provided.
src/app/overdue-loan-legal-protection/page.tsx(428,45): error TS17004: Cannot use JSX unless the '--jsx' flag is provided.
src/app/overdue-loan-legal-protection/page.tsx(431,45): error TS17004: Cannot use JSX unless the '--jsx' flag is provided.
src/app/overdue-loan-legal-protection/page.tsx(432,49): error TS17004: Cannot use JSX unless the '--jsx' flag is provided.
src/app/overdue-loan-legal-protection/page.tsx(433,49): error TS17004: Cannot use JSX unless the '--jsx' flag is provided.
src/app/overdue-loan-legal-protection/page.tsx(436,41): error TS17004: Cannot use JSX unless the '--jsx' flag is provided.
src/app/overdue-loan-legal-protection/page.tsx(439,41): error TS17004: Cannot use JSX unless the '--jsx' flag is provided.
src/app/overdue-loan-legal-protection/page.tsx(445,25): error TS17004: Cannot use JSX unless the '--jsx' flag is provided.
src/app/overdue-loan-legal-protection/page.tsx(446,29): error TS17004: Cannot use JSX unless the '--jsx' flag is provided.
src/app/overdue-loan-legal-protection/page.tsx(447,29): error TS17004: Cannot use JSX unless the '--jsx' flag is provided.
src/app/overdue-loan-legal-protection/page.tsx(460,37): error TS17004: Cannot use JSX unless the '--jsx' flag is provided.
src/app/overdue-loan-legal-protection/page.tsx(461,41): error TS17004: Cannot use JSX unless the '--jsx' flag is provided.
src/app/overdue-loan-legal-protection/page.tsx(462,45): error TS17004: Cannot use JSX unless the '--jsx' flag is provided.
src/app/overdue-loan-legal-protection/page.tsx(463,45): error TS17004: Cannot use JSX unless the '--jsx' flag is provided.
src/app/overdue-loan-legal-protection/page.tsx(464,49): error TS17004: Cannot use JSX unless the '--jsx' flag is provided.
src/app/overdue-loan-legal-protection/page.tsx(464,128): error TS17004: Cannot use JSX unless the '--jsx' flag is provided.
src/app/overdue-loan-legal-protection/page.tsx(467,41): error TS17004: Cannot use JSX unless the '--jsx' flag is provided.
src/app/overdue-loan-legal-protection/page.tsx(475,25): error TS17004: Cannot use JSX unless the '--jsx' flag is provided.
src/app/overdue-loan-legal-protection/page.tsx(476,29): error TS17004: Cannot use JSX unless the '--jsx' flag is provided.
src/app/overdue-loan-legal-protection/page.tsx(480,25): error TS17004: Cannot use JSX unless the '--jsx' flag is provided.
src/app/overdue-loan-legal-protection/page.tsx(481,29): error TS17004: Cannot use JSX unless the '--jsx' flag is provided.
src/app/overdue-loan-legal-protection/page.tsx(482,33): error TS17004: Cannot use JSX unless the '--jsx' flag is provided.
src/app/overdue-loan-legal-protection/page.tsx(483,33): error TS17004: Cannot use JSX unless the '--jsx' flag is provided.
src/app/overdue-loan-legal-protection/page.tsx(484,33): error TS17004: Cannot use JSX unless the '--jsx' flag is provided.
src/app/overdue-loan-legal-protection/page.tsx(492,21): error TS17004: Cannot use JSX unless the '--jsx' flag is provided.
src/app/overdue-loan-legal-protection/page.tsx(493,25): error TS17004: Cannot use JSX unless the '--jsx' flag is provided.
src/app/overdue-loan-legal-protection/page.tsx(494,29): error TS17004: Cannot use JSX unless the '--jsx' flag is provided.
src/app/overdue-loan-legal-protection/page.tsx(495,33): error TS17004: Cannot use JSX unless the '--jsx' flag is provided.
src/app/overdue-loan-legal-protection/page.tsx(496,33): error TS17004: Cannot use JSX unless the '--jsx' flag is provided.
src/app/overdue-loan-legal-protection/page.tsx(496,155): error TS17004: Cannot use JSX unless the '--jsx' flag is provided.
src/app/overdue-loan-legal-protection/page.tsx(497,33): error TS17004: Cannot use JSX unless the '--jsx' flag is provided.
src/app/overdue-loan-legal-protection/page.tsx(500,33): error TS17004: Cannot use JSX unless the '--jsx' flag is provided.
src/app/overdue-loan-legal-protection/page.tsx(503,33): error TS17004: Cannot use JSX unless the '--jsx' flag is provided.
src/app/overdue-loan-legal-protection/page.tsx(504,37): error TS17004: Cannot use JSX unless the '--jsx' flag is provided.
src/app/overdue-loan-legal-protection/page.tsx(505,37): error TS17004: Cannot use JSX unless the '--jsx' flag is provided.
src/app/overdue-loan-legal-protection/page.tsx(506,37): error TS17004: Cannot use JSX unless the '--jsx' flag is provided.
src/app/overdue-loan-legal-protection/page.tsx(510,29): error TS17004: Cannot use JSX unless the '--jsx' flag is provided.
src/app/overdue-loan-legal-protection/page.tsx(511,33): error TS17004: Cannot use JSX unless the '--jsx' flag is provided.
src/app/overdue-loan-legal-protection/page.tsx(512,33): error TS17004: Cannot use JSX unless the '--jsx' flag is provided.
src/app/overdue-loan-legal-protection/page.tsx(513,37): error TS17004: Cannot use JSX unless the '--jsx' flag is provided.
src/app/overdue-loan-legal-protection/page.tsx(514,41): error TS17004: Cannot use JSX unless the '--jsx' flag is provided.
src/app/overdue-loan-legal-protection/page.tsx(515,45): error TS17004: Cannot use JSX unless the '--jsx' flag is provided.
src/app/overdue-loan-legal-protection/page.tsx(519,37): error TS17004: Cannot use JSX unless the '--jsx' flag is provided.
src/app/overdue-loan-legal-protection/page.tsx(520,41): error TS17004: Cannot use JSX unless the '--jsx' flag is provided.
src/app/overdue-loan-legal-protection/page.tsx(521,45): error TS17004: Cannot use JSX unless the '--jsx' flag is provided.
src/app/overdue-loan-legal-protection/page.tsx(525,37): error TS17004: Cannot use JSX unless the '--jsx' flag is provided.
src/app/overdue-loan-legal-protection/page.tsx(526,41): error TS17004: Cannot use JSX unless the '--jsx' flag is provided.
src/app/overdue-loan-legal-protection/page.tsx(527,45): error TS17004: Cannot use JSX unless the '--jsx' flag is provided.
src/app/overdue-loan-legal-protection/page.tsx(531,37): error TS17004: Cannot use JSX unless the '--jsx' flag is provided.
src/app/overdue-loan-legal-protection/page.tsx(532,41): error TS17004: Cannot use JSX unless the '--jsx' flag is provided.
src/app/overdue-loan-legal-protection/page.tsx(533,45): error TS17004: Cannot use JSX unless the '--jsx' flag is provided.
src/app/payday-loan-settlement-lawyer/page.tsx(3,29): error TS2307: Cannot find module '@/components/TableOfContents' or its corresponding type declarations.
src/app/payday-loan-settlement-lawyer/page.tsx(182,9): error TS17004: Cannot use JSX unless the '--jsx' flag is provided.
src/app/payday-loan-settlement-lawyer/page.tsx(183,13): error TS17004: Cannot use JSX unless the '--jsx' flag is provided.
src/app/payday-loan-settlement-lawyer/page.tsx(184,17): error TS17004: Cannot use JSX unless the '--jsx' flag is provided.
src/app/payday-loan-settlement-lawyer/page.tsx(190,17): error TS17004: Cannot use JSX unless the '--jsx' flag is provided.
src/app/payday-loan-settlement-lawyer/page.tsx(191,21): error TS17004: Cannot use JSX unless the '--jsx' flag is provided.
src/app/payday-loan-settlement-lawyer/page.tsx(192,25): error TS17004: Cannot use JSX unless the '--jsx' flag is provided.
src/app/payday-loan-settlement-lawyer/page.tsx(195,25): error TS17004: Cannot use JSX unless the '--jsx' flag is provided.
src/app/payday-loan-settlement-lawyer/page.tsx(196,52): error TS17004: Cannot use JSX unless the '--jsx' flag is provided.
src/app/payday-loan-settlement-lawyer/page.tsx(198,25): error TS17004: Cannot use JSX unless the '--jsx' flag is provided.
src/app/payday-loan-settlement-lawyer/page.tsx(201,25): error TS17004: Cannot use JSX unless the '--jsx' flag is provided.
src/app/payday-loan-settlement-lawyer/page.tsx(202,29): error TS17004: Cannot use JSX unless the '--jsx' flag is provided.
src/app/payday-loan-settlement-lawyer/page.tsx(210,17): error TS17004: Cannot use JSX unless the '--jsx' flag is provided.
src/app/payday-loan-settlement-lawyer/page.tsx(211,21): error TS17004: Cannot use JSX unless the '--jsx' flag is provided.
src/app/payday-loan-settlement-lawyer/page.tsx(212,25): error TS17004: Cannot use JSX unless the '--jsx' flag is provided.
src/app/payday-loan-settlement-lawyer/page.tsx(213,29): error TS17004: Cannot use JSX unless the '--jsx' flag is provided.
src/app/payday-loan-settlement-lawyer/page.tsx(214,33): error TS17004: Cannot use JSX unless the '--jsx' flag is provided.
src/app/payday-loan-settlement-lawyer/page.tsx(215,37): error TS17004: Cannot use JSX unless the '--jsx' flag is provided.
src/app/payday-loan-settlement-lawyer/page.tsx(217,33): error TS17004: Cannot use JSX unless the '--jsx' flag is provided.
src/app/payday-loan-settlement-lawyer/page.tsx(218,37): error TS17004: Cannot use JSX unless the '--jsx' flag is provided.
src/app/payday-loan-settlement-lawyer/page.tsx(220,33): error TS17004: Cannot use JSX unless the '--jsx' flag is provided.
src/app/payday-loan-settlement-lawyer/page.tsx(229,17): error TS17004: Cannot use JSX unless the '--jsx' flag is provided.
src/app/payday-loan-settlement-lawyer/page.tsx(230,21): error TS17004: Cannot use JSX unless the '--jsx' flag is provided.
src/app/payday-loan-settlement-lawyer/page.tsx(231,25): error TS17004: Cannot use JSX unless the '--jsx' flag is provided.
src/app/payday-loan-settlement-lawyer/page.tsx(250,21): error TS17004: Cannot use JSX unless the '--jsx' flag is provided.
src/app/payday-loan-settlement-lawyer/page.tsx(251,25): error TS17004: Cannot use JSX unless the '--jsx' flag is provided.
src/app/payday-loan-settlement-lawyer/page.tsx(252,29): error TS17004: Cannot use JSX unless the '--jsx' flag is provided.
src/app/payday-loan-settlement-lawyer/page.tsx(253,55): error TS17004: Cannot use JSX unless the '--jsx' flag is provided.
src/app/payday-loan-settlement-lawyer/page.tsx(255,29): error TS17004: Cannot use JSX unless the '--jsx' flag is provided.
src/app/payday-loan-settlement-lawyer/page.tsx(256,33): error TS17004: Cannot use JSX unless the '--jsx' flag is provided.
src/app/payday-loan-settlement-lawyer/page.tsx(257,33): error TS17004: Cannot use JSX unless the '--jsx' flag is provided.
src/app/payday-loan-settlement-lawyer/page.tsx(260,33): error TS17004: Cannot use JSX unless the '--jsx' flag is provided.
src/app/payday-loan-settlement-lawyer/page.tsx(263,33): error TS17004: Cannot use JSX unless the '--jsx' flag is provided.
src/app/payday-loan-settlement-lawyer/page.tsx(269,25): error TS17004: Cannot use JSX unless the '--jsx' flag is provided.
src/app/payday-loan-settlement-lawyer/page.tsx(270,29): error TS17004: Cannot use JSX unless the '--jsx' flag is provided.
src/app/payday-loan-settlement-lawyer/page.tsx(273,29): error TS17004: Cannot use JSX unless the '--jsx' flag is provided.
src/app/payday-loan-settlement-lawyer/page.tsx(276,29): error TS17004: Cannot use JSX unless the '--jsx' flag is provided.
src/app/payday-loan-settlement-lawyer/page.tsx(277,33): error TS17004: Cannot use JSX unless the '--jsx' flag is provided.
src/app/payday-loan-settlement-lawyer/page.tsx(278,37): error TS17004: Cannot use JSX unless the '--jsx' flag is provided.
src/app/payday-loan-settlement-lawyer/page.tsx(279,37): error TS17004: Cannot use JSX unless the '--jsx' flag is provided.
src/app/payday-loan-settlement-lawyer/page.tsx(280,41): error TS17004: Cannot use JSX unless the '--jsx' flag is provided.
src/app/payday-loan-settlement-lawyer/page.tsx(281,41): error TS17004: Cannot use JSX unless the '--jsx' flag is provided.
src/app/payday-loan-settlement-lawyer/page.tsx(282,41): error TS17004: Cannot use JSX unless the '--jsx' flag is provided.
src/app/payday-loan-settlement-lawyer/page.tsx(283,41): error TS17004: Cannot use JSX unless the '--jsx' flag is provided.
src/app/payday-loan-settlement-lawyer/page.tsx(284,41): error TS17004: Cannot use JSX unless the '--jsx' flag is provided.
src/app/payday-loan-settlement-lawyer/page.tsx(287,33): error TS17004: Cannot use JSX unless the '--jsx' flag is provided.
src/app/payday-loan-settlement-lawyer/page.tsx(288,37): error TS17004: Cannot use JSX unless the '--jsx' flag is provided.
src/app/payday-loan-settlement-lawyer/page.tsx(289,37): error TS17004: Cannot use JSX unless the '--jsx' flag is provided.
src/app/payday-loan-settlement-lawyer/page.tsx(290,41): error TS17004: Cannot use JSX unless the '--jsx' flag is provided.
src/app/payday-loan-settlement-lawyer/page.tsx(291,41): error TS17004: Cannot use JSX unless the '--jsx' flag is provided.
src/app/payday-loan-settlement-lawyer/page.tsx(292,41): error TS17004: Cannot use JSX unless the '--jsx' flag is provided.
src/app/payday-loan-settlement-lawyer/page.tsx(293,41): error TS17004: Cannot use JSX unless the '--jsx' flag is provided.
src/app/payday-loan-settlement-lawyer/page.tsx(294,41): error TS17004: Cannot use JSX unless the '--jsx' flag is provided.
src/app/payday-loan-settlement-lawyer/page.tsx(298,29): error TS17004: Cannot use JSX unless the '--jsx' flag is provided.
src/app/payday-loan-settlement-lawyer/page.tsx(303,25): error TS17004: Cannot use JSX unless the '--jsx' flag is provided.
src/app/payday-loan-settlement-lawyer/page.tsx(304,29): error TS17004: Cannot use JSX unless the '--jsx' flag is provided.
src/app/payday-loan-settlement-lawyer/page.tsx(307,29): error TS17004: Cannot use JSX unless the '--jsx' flag is provided.
src/app/payday-loan-settlement-lawyer/page.tsx(310,29): error TS17004: Cannot use JSX unless the '--jsx' flag is provided.
src/app/payday-loan-settlement-lawyer/page.tsx(311,33): error TS17004: Cannot use JSX unless the '--jsx' flag is provided.
src/app/payday-loan-settlement-lawyer/page.tsx(312,33): error TS17004: Cannot use JSX unless the '--jsx' flag is provided.
src/app/payday-loan-settlement-lawyer/page.tsx(313,37): error TS17004: Cannot use JSX unless the '--jsx' flag is provided.
src/app/payday-loan-settlement-lawyer/page.tsx(314,41): error TS17004: Cannot use JSX unless the '--jsx' flag is provided.
src/app/payday-loan-settlement-lawyer/page.tsx(315,41): error TS17004: Cannot use JSX unless the '--jsx' flag is provided.
src/app/payday-loan-settlement-lawyer/page.tsx(317,37): error TS17004: Cannot use JSX unless the '--jsx' flag is provided.
src/app/payday-loan-settlement-lawyer/page.tsx(318,41): error TS17004: Cannot use JSX unless the '--jsx' flag is provided.
src/app/payday-loan-settlement-lawyer/page.tsx(319,41): error TS17004: Cannot use JSX unless the '--jsx' flag is provided.
src/app/payday-loan-settlement-lawyer/page.tsx(321,37): error TS17004: Cannot use JSX unless the '--jsx' flag is provided.
src/app/payday-loan-settlement-lawyer/page.tsx(322,41): error TS17004: Cannot use JSX unless the '--jsx' flag is provided.
src/app/payday-loan-settlement-lawyer/page.tsx(323,41): error TS17004: Cannot use JSX unless the '--jsx' flag is provided.
src/app/payday-loan-settlement-lawyer/page.tsx(329,25): error TS17004: Cannot use JSX unless the '--jsx' flag is provided.
src/app/payday-loan-settlement-lawyer/page.tsx(330,29): error TS17004: Cannot use JSX unless the '--jsx' flag is provided.
src/app/payday-loan-settlement-lawyer/page.tsx(333,29): error TS17004: Cannot use JSX unless the '--jsx' flag is provided.
src/app/payday-loan-settlement-lawyer/page.tsx(336,29): error TS17004: Cannot use JSX unless the '--jsx' flag is provided.
src/app/payday-loan-settlement-lawyer/page.tsx(341,25): error TS17004: Cannot use JSX unless the '--jsx' flag is provided.
src/app/payday-loan-settlement-lawyer/page.tsx(342,29): error TS17004: Cannot use JSX unless the '--jsx' flag is provided.
src/app/payday-loan-settlement-lawyer/page.tsx(345,29): error TS17004: Cannot use JSX unless the '--jsx' flag is provided.
src/app/payday-loan-settlement-lawyer/page.tsx(348,29): error TS17004: Cannot use JSX unless the '--jsx' flag is provided.
src/app/payday-loan-settlement-lawyer/page.tsx(349,33): error TS17004: Cannot use JSX unless the '--jsx' flag is provided.
src/app/payday-loan-settlement-lawyer/page.tsx(350,37): error TS17004: Cannot use JSX unless the '--jsx' flag is provided.
src/app/payday-loan-settlement-lawyer/page.tsx(351,37): error TS17004: Cannot use JSX unless the '--jsx' flag is provided.
src/app/payday-loan-settlement-lawyer/page.tsx(352,41): error TS17004: Cannot use JSX unless the '--jsx' flag is provided.
src/app/payday-loan-settlement-lawyer/page.tsx(355,33): error TS17004: Cannot use JSX unless the '--jsx' flag is provided.
src/app/payday-loan-settlement-lawyer/page.tsx(356,37): error TS17004: Cannot use JSX unless the '--jsx' flag is provided.
src/app/payday-loan-settlement-lawyer/page.tsx(357,37): error TS17004: Cannot use JSX unless the '--jsx' flag is provided.
src/app/payday-loan-settlement-lawyer/page.tsx(358,41): error TS17004: Cannot use JSX unless the '--jsx' flag is provided.
src/app/payday-loan-settlement-lawyer/page.tsx(361,33): error TS17004: Cannot use JSX unless the '--jsx' flag is provided.
src/app/payday-loan-settlement-lawyer/page.tsx(362,37): error TS17004: Cannot use JSX unless the '--jsx' flag is provided.
src/app/payday-loan-settlement-lawyer/page.tsx(363,37): error TS17004: Cannot use JSX unless the '--jsx' flag is provided.
src/app/payday-loan-settlement-lawyer/page.tsx(364,41): error TS17004: Cannot use JSX unless the '--jsx' flag is provided.
src/app/payday-loan-settlement-lawyer/page.tsx(367,33): error TS17004: Cannot use JSX unless the '--jsx' flag is provided.
src/app/payday-loan-settlement-lawyer/page.tsx(368,37): error TS17004: Cannot use JSX unless the '--jsx' flag is provided.
src/app/payday-loan-settlement-lawyer/page.tsx(369,37): error TS17004: Cannot use JSX unless the '--jsx' flag is provided.
src/app/payday-loan-settlement-lawyer/page.tsx(370,41): error TS17004: Cannot use JSX unless the '--jsx' flag is provided.
src/app/payday-loan-settlement-lawyer/page.tsx(374,29): error TS17004: Cannot use JSX unless the '--jsx' flag is provided.
src/app/payday-loan-settlement-lawyer/page.tsx(379,25): error TS17004: Cannot use JSX unless the '--jsx' flag is provided.
src/app/payday-loan-settlement-lawyer/page.tsx(380,29): error TS17004: Cannot use JSX unless the '--jsx' flag is provided.
src/app/payday-loan-settlement-lawyer/page.tsx(381,29): error TS17004: Cannot use JSX unless the '--jsx' flag is provided.
src/app/payday-loan-settlement-lawyer/page.tsx(384,29): error TS17004: Cannot use JSX unless the '--jsx' flag is provided.
src/app/payday-loan-settlement-lawyer/page.tsx(385,33): error TS17004: Cannot use JSX unless the '--jsx' flag is provided.
src/app/payday-loan-settlement-lawyer/page.tsx(386,33): error TS17004: Cannot use JSX unless the '--jsx' flag is provided.
src/app/payday-loan-settlement-lawyer/page.tsx(387,33): error TS17004: Cannot use JSX unless the '--jsx' flag is provided.
src/app/payday-loan-settlement-lawyer/page.tsx(393,25): error TS17004: Cannot use JSX unless the '--jsx' flag is provided.
src/app/payday-loan-settlement-lawyer/page.tsx(394,29): error TS17004: Cannot use JSX unless the '--jsx' flag is provided.
src/app/payday-loan-settlement-lawyer/page.tsx(395,29): error TS17004: Cannot use JSX unless the '--jsx' flag is provided.
src/app/payday-loan-settlement-lawyer/page.tsx(398,29): error TS17004: Cannot use JSX unless the '--jsx' flag is provided.
src/app/payday-loan-settlement-lawyer/page.tsx(399,33): error TS17004: Cannot use JSX unless the '--jsx' flag is provided.
src/app/payday-loan-settlement-lawyer/page.tsx(400,37): error TS17004: Cannot use JSX unless the '--jsx' flag is provided.
src/app/payday-loan-settlement-lawyer/page.tsx(401,37): error TS17004: Cannot use JSX unless the '--jsx' flag is provided.
src/app/payday-loan-settlement-lawyer/page.tsx(403,33): error TS17004: Cannot use JSX unless the '--jsx' flag is provided.
src/app/payday-loan-settlement-lawyer/page.tsx(404,37): error TS17004: Cannot use JSX unless the '--jsx' flag is provided.
src/app/payday-loan-settlement-lawyer/page.tsx(405,37): error TS17004: Cannot use JSX unless the '--jsx' flag is provided.
src/app/payday-loan-settlement-lawyer/page.tsx(407,33): error TS17004: Cannot use JSX unless the '--jsx' flag is provided.
src/app/payday-loan-settlement-lawyer/page.tsx(408,37): error TS17004: Cannot use JSX unless the '--jsx' flag is provided.
src/app/payday-loan-settlement-lawyer/page.tsx(409,37): error TS17004: Cannot use JSX unless the '--jsx' flag is provided.
src/app/payday-loan-settlement-lawyer/page.tsx(411,33): error TS17004: Cannot use JSX unless the '--jsx' flag is provided.
src/app/payday-loan-settlement-lawyer/page.tsx(412,37): error TS17004: Cannot use JSX unless the '--jsx' flag is provided.
src/app/payday-loan-settlement-lawyer/page.tsx(413,37): error TS17004: Cannot use JSX unless the '--jsx' flag is provided.
src/app/payday-loan-settlement-lawyer/page.tsx(418,25): error TS17004: Cannot use JSX unless the '--jsx' flag is provided.
src/app/payday-loan-settlement-lawyer/page.tsx(419,29): error TS17004: Cannot use JSX unless the '--jsx' flag is provided.
src/app/payday-loan-settlement-lawyer/page.tsx(420,29): error TS17004: Cannot use JSX unless the '--jsx' flag is provided.
src/app/payday-loan-settlement-lawyer/page.tsx(425,25): error TS17004: Cannot use JSX unless the '--jsx' flag is provided.
src/app/payday-loan-settlement-lawyer/page.tsx(426,29): error TS17004: Cannot use JSX unless the '--jsx' flag is provided.
src/app/payday-loan-settlement-lawyer/page.tsx(427,29): error TS17004: Cannot use JSX unless the '--jsx' flag is provided.
src/app/payday-loan-settlement-lawyer/page.tsx(432,25): error TS17004: Cannot use JSX unless the '--jsx' flag is provided.
src/app/payday-loan-settlement-lawyer/page.tsx(433,29): error TS17004: Cannot use JSX unless the '--jsx' flag is provided.
src/app/payday-loan-settlement-lawyer/page.tsx(434,29): error TS17004: Cannot use JSX unless the '--jsx' flag is provided.
src/app/payday-loan-settlement-lawyer/page.tsx(437,29): error TS17004: Cannot use JSX unless the '--jsx' flag is provided.
src/app/payday-loan-settlement-lawyer/page.tsx(442,25): error TS17004: Cannot use JSX unless the '--jsx' flag is provided.
src/app/payday-loan-settlement-lawyer/page.tsx(443,29): error TS17004: Cannot use JSX unless the '--jsx' flag is provided.
src/app/payday-loan-settlement-lawyer/page.tsx(444,29): error TS17004: Cannot use JSX unless the '--jsx' flag is provided.
src/app/payday-loan-settlement-lawyer/page.tsx(445,33): error TS17004: Cannot use JSX unless the '--jsx' flag is provided.
src/app/payday-loan-settlement-lawyer/page.tsx(446,33): error TS17004: Cannot use JSX unless the '--jsx' flag is provided.
src/app/payday-loan-settlement-lawyer/page.tsx(447,37): error TS17004: Cannot use JSX unless the '--jsx' flag is provided.
src/app/payday-loan-settlement-lawyer/page.tsx(448,41): error TS17004: Cannot use JSX unless the '--jsx' flag is provided.
src/app/payday-loan-settlement-lawyer/page.tsx(449,41): error TS17004: Cannot use JSX unless the '--jsx' flag is provided.
src/app/payday-loan-settlement-lawyer/page.tsx(451,37): error TS17004: Cannot use JSX unless the '--jsx' flag is provided.
src/app/payday-loan-settlement-lawyer/page.tsx(452,41): error TS17004: Cannot use JSX unless the '--jsx' flag is provided.
src/app/payday-loan-settlement-lawyer/page.tsx(453,41): error TS17004: Cannot use JSX unless the '--jsx' flag is provided.
src/app/payday-loan-settlement-lawyer/page.tsx(455,37): error TS17004: Cannot use JSX unless the '--jsx' flag is provided.
src/app/payday-loan-settlement-lawyer/page.tsx(456,41): error TS17004: Cannot use JSX unless the '--jsx' flag is provided.
src/app/payday-loan-settlement-lawyer/page.tsx(457,41): error TS17004: Cannot use JSX unless the '--jsx' flag is provided.
src/app/payday-loan-settlement-lawyer/page.tsx(459,37): error TS17004: Cannot use JSX unless the '--jsx' flag is provided.
src/app/payday-loan-settlement-lawyer/page.tsx(460,41): error TS17004: Cannot use JSX unless the '--jsx' flag is provided.
src/app/payday-loan-settlement-lawyer/page.tsx(461,41): error TS17004: Cannot use JSX unless the '--jsx' flag is provided.
src/app/payday-loan-settlement-lawyer/page.tsx(467,25): error TS17004: Cannot use JSX unless the '--jsx' flag is provided.
src/app/payday-loan-settlement-lawyer/page.tsx(468,29): error TS17004: Cannot use JSX unless the '--jsx' flag is provided.
src/app/payday-loan-settlement-lawyer/page.tsx(469,29): error TS17004: Cannot use JSX unless the '--jsx' flag is provided.
src/app/payday-loan-settlement-lawyer/page.tsx(476,37): error TS17004: Cannot use JSX unless the '--jsx' flag is provided.
src/app/payday-loan-settlement-lawyer/page.tsx(477,41): error TS17004: Cannot use JSX unless the '--jsx' flag is provided.
src/app/payday-loan-settlement-lawyer/page.tsx(478,45): error TS17004: Cannot use JSX unless the '--jsx' flag is provided.
src/app/payday-loan-settlement-lawyer/page.tsx(481,45): error TS17004: Cannot use JSX unless the '--jsx' flag is provided.
src/app/payday-loan-settlement-lawyer/page.tsx(482,49): error TS17004: Cannot use JSX unless the '--jsx' flag is provided.
src/app/payday-loan-settlement-lawyer/page.tsx(483,49): error TS17004: Cannot use JSX unless the '--jsx' flag is provided.
src/app/payday-loan-settlement-lawyer/page.tsx(485,45): error TS17004: Cannot use JSX unless the '--jsx' flag is provided.
src/app/payday-loan-settlement-lawyer/page.tsx(487,41): error TS17004: Cannot use JSX unless the '--jsx' flag is provided.
src/app/payday-loan-settlement-lawyer/page.tsx(488,45): error TS17004: Cannot use JSX unless the '--jsx' flag is provided.
src/app/payday-loan-settlement-lawyer/page.tsx(490,41): error TS17004: Cannot use JSX unless the '--jsx' flag is provided.
src/app/payday-loan-settlement-lawyer/page.tsx(496,25): error TS17004: Cannot use JSX unless the '--jsx' flag is provided.
src/app/payday-loan-settlement-lawyer/page.tsx(497,29): error TS17004: Cannot use JSX unless the '--jsx' flag is provided.
src/app/payday-loan-settlement-lawyer/page.tsx(498,29): error TS17004: Cannot use JSX unless the '--jsx' flag is provided.
src/app/payday-loan-settlement-lawyer/page.tsx(511,37): error TS17004: Cannot use JSX unless the '--jsx' flag is provided.
src/app/payday-loan-settlement-lawyer/page.tsx(512,41): error TS17004: Cannot use JSX unless the '--jsx' flag is provided.
src/app/payday-loan-settlement-lawyer/page.tsx(513,45): error TS17004: Cannot use JSX unless the '--jsx' flag is provided.
src/app/payday-loan-settlement-lawyer/page.tsx(514,45): error TS17004: Cannot use JSX unless the '--jsx' flag is provided.
src/app/payday-loan-settlement-lawyer/page.tsx(515,49): error TS17004: Cannot use JSX unless the '--jsx' flag is provided.
src/app/payday-loan-settlement-lawyer/page.tsx(515,143): error TS17004: Cannot use JSX unless the '--jsx' flag is provided.
src/app/payday-loan-settlement-lawyer/page.tsx(518,41): error TS17004: Cannot use JSX unless the '--jsx' flag is provided.
src/app/payday-loan-settlement-lawyer/page.tsx(526,25): error TS17004: Cannot use JSX unless the '--jsx' flag is provided.
src/app/payday-loan-settlement-lawyer/page.tsx(527,29): error TS17004: Cannot use JSX unless the '--jsx' flag is provided.
src/app/payday-loan-settlement-lawyer/page.tsx(531,25): error TS17004: Cannot use JSX unless the '--jsx' flag is provided.
src/app/payday-loan-settlement-lawyer/page.tsx(532,29): error TS17004: Cannot use JSX unless the '--jsx' flag is provided.
src/app/payday-loan-settlement-lawyer/page.tsx(533,33): error TS17004: Cannot use JSX unless the '--jsx' flag is provided.
src/app/payday-loan-settlement-lawyer/page.tsx(534,37): error TS17004: Cannot use JSX unless the '--jsx' flag is provided.
src/app/payday-loan-settlement-lawyer/page.tsx(535,37): error TS17004: Cannot use JSX unless the '--jsx' flag is provided.
src/app/payday-loan-settlement-lawyer/page.tsx(537,33): error TS17004: Cannot use JSX unless the '--jsx' flag is provided.
src/app/payday-loan-settlement-lawyer/page.tsx(538,37): error TS17004: Cannot use JSX unless the '--jsx' flag is provided.
src/app/payday-loan-settlement-lawyer/page.tsx(547,21): error TS17004: Cannot use JSX unless the '--jsx' flag is provided.
src/app/payday-loan-settlement-lawyer/page.tsx(548,25): error TS17004: Cannot use JSX unless the '--jsx' flag is provided.
src/app/payday-loan-settlement-lawyer/page.tsx(549,29): error TS17004: Cannot use JSX unless the '--jsx' flag is provided.
src/app/payday-loan-settlement-lawyer/page.tsx(550,33): error TS17004: Cannot use JSX unless the '--jsx' flag is provided.
src/app/payday-loan-settlement-lawyer/page.tsx(551,37): error TS17004: Cannot use JSX unless the '--jsx' flag is provided.
src/app/payday-loan-settlement-lawyer/page.tsx(553,33): error TS17004: Cannot use JSX unless the '--jsx' flag is provided.
src/app/payday-loan-settlement-lawyer/page.tsx(554,37): error TS17004: Cannot use JSX unless the '--jsx' flag is provided.
src/app/payday-loan-settlement-lawyer/page.tsx(557,37): error TS17004: Cannot use JSX unless the '--jsx' flag is provided.
src/app/payday-loan-settlement-lawyer/page.tsx(560,37): error TS17004: Cannot use JSX unless the '--jsx' flag is provided.
src/app/payday-loan-settlement-lawyer/page.tsx(564,29): error TS17004: Cannot use JSX unless the '--jsx' flag is provided.
src/app/payday-loan-settlement-lawyer/page.tsx(565,33): error TS17004: Cannot use JSX unless the '--jsx' flag is provided.
src/app/payday-loan-settlement-lawyer/page.tsx(566,33): error TS17004: Cannot use JSX unless the '--jsx' flag is provided.
src/app/payday-loan-settlement-lawyer/page.tsx(567,37): error TS17004: Cannot use JSX unless the '--jsx' flag is provided.
src/app/payday-loan-settlement-lawyer/page.tsx(568,41): error TS17004: Cannot use JSX unless the '--jsx' flag is provided.
src/app/payday-loan-settlement-lawyer/page.tsx(569,45): error TS17004: Cannot use JSX unless the '--jsx' flag is provided.
src/app/payday-loan-settlement-lawyer/page.tsx(573,37): error TS17004: Cannot use JSX unless the '--jsx' flag is provided.
src/app/payday-loan-settlement-lawyer/page.tsx(574,41): error TS17004: Cannot use JSX unless the '--jsx' flag is provided.
src/app/payday-loan-settlement-lawyer/page.tsx(575,45): error TS17004: Cannot use JSX unless the '--jsx' flag is provided.
src/app/payday-loan-settlement-lawyer/page.tsx(579,37): error TS17004: Cannot use JSX unless the '--jsx' flag is provided.
src/app/payday-loan-settlement-lawyer/page.tsx(580,41): error TS17004: Cannot use JSX unless the '--jsx' flag is provided.
src/app/payday-loan-settlement-lawyer/page.tsx(581,45): error TS17004: Cannot use JSX unless the '--jsx' flag is provided.
src/app/payday-loan-settlement-lawyer/page.tsx(585,37): error TS17004: Cannot use JSX unless the '--jsx' flag is provided.
src/app/payday-loan-settlement-lawyer/page.tsx(586,41): error TS17004: Cannot use JSX unless the '--jsx' flag is provided.
src/app/payday-loan-settlement-lawyer/page.tsx(587,45): error TS17004: Cannot use JSX unless the '--jsx' flag is provided.
